libtool: compile:  gcc -I. -I/home/chris/www/tiny/ext -DPHP_ATOM_INC -I/home/chris/www/tiny/ext/include -I/home/chris/www/tiny/ext/main -I/home/chris/www/tiny/ext -I/usr/include/php5 -I/usr/include/php5/main -I/usr/include/php5/TSRM -I/usr/include/php5/Zend -I/usr/include/php5/ext -I/usr/include/php5/ext/date/lib -DHAVE_CONFIG_H -O2 -fvisibility=hidden -Wparentheses -flto -c /home/chris/www/tiny/ext/tiny.c  -fPIC -DPIC -o .libs/tiny.o
libtool: compile:  gcc -I. -I/home/chris/www/tiny/ext -DPHP_ATOM_INC -I/home/chris/www/tiny/ext/include -I/home/chris/www/tiny/ext/main -I/home/chris/www/tiny/ext -I/usr/include/php5 -I/usr/include/php5/main -I/usr/include/php5/TSRM -I/usr/include/php5/Zend -I/usr/include/php5/ext -I/usr/include/php5/ext/date/lib -DHAVE_CONFIG_H -O2 -fvisibility=hidden -Wparentheses -flto -c /home/chris/www/tiny/ext/kernel/main.c  -fPIC -DPIC -o kernel/.libs/main.o
libtool: compile:  gcc -I. -I/home/chris/www/tiny/ext -DPHP_ATOM_INC -I/home/chris/www/tiny/ext/include -I/home/chris/www/tiny/ext/main -I/home/chris/www/tiny/ext -I/usr/include/php5 -I/usr/include/php5/main -I/usr/include/php5/TSRM -I/usr/include/php5/Zend -I/usr/include/php5/ext -I/usr/include/php5/ext/date/lib -DHAVE_CONFIG_H -O2 -fvisibility=hidden -Wparentheses -flto -c /home/chris/www/tiny/ext/kernel/memory.c  -fPIC -DPIC -o kernel/.libs/memory.o
libtool: compile:  gcc -I. -I/home/chris/www/tiny/ext -DPHP_ATOM_INC -I/home/chris/www/tiny/ext/include -I/home/chris/www/tiny/ext/main -I/home/chris/www/tiny/ext -I/usr/include/php5 -I/usr/include/php5/main -I/usr/include/php5/TSRM -I/usr/include/php5/Zend -I/usr/include/php5/ext -I/usr/include/php5/ext/date/lib -DHAVE_CONFIG_H -O2 -fvisibility=hidden -Wparentheses -flto -c /home/chris/www/tiny/ext/kernel/exception.c  -fPIC -DPIC -o kernel/.libs/exception.o
libtool: compile:  gcc -I. -I/home/chris/www/tiny/ext -DPHP_ATOM_INC -I/home/chris/www/tiny/ext/include -I/home/chris/www/tiny/ext/main -I/home/chris/www/tiny/ext -I/usr/include/php5 -I/usr/include/php5/main -I/usr/include/php5/TSRM -I/usr/include/php5/Zend -I/usr/include/php5/ext -I/usr/include/php5/ext/date/lib -DHAVE_CONFIG_H -O2 -fvisibility=hidden -Wparentheses -flto -c /home/chris/www/tiny/ext/kernel/hash.c  -fPIC -DPIC -o kernel/.libs/hash.o
libtool: compile:  gcc -I. -I/home/chris/www/tiny/ext -DPHP_ATOM_INC -I/home/chris/www/tiny/ext/include -I/home/chris/www/tiny/ext/main -I/home/chris/www/tiny/ext -I/usr/include/php5 -I/usr/include/php5/main -I/usr/include/php5/TSRM -I/usr/include/php5/Zend -I/usr/include/php5/ext -I/usr/include/php5/ext/date/lib -DHAVE_CONFIG_H -O2 -fvisibility=hidden -Wparentheses -flto -c /home/chris/www/tiny/ext/kernel/debug.c  -fPIC -DPIC -o kernel/.libs/debug.o
libtool: compile:  gcc -I. -I/home/chris/www/tiny/ext -DPHP_ATOM_INC -I/home/chris/www/tiny/ext/include -I/home/chris/www/tiny/ext/main -I/home/chris/www/tiny/ext -I/usr/include/php5 -I/usr/include/php5/main -I/usr/include/php5/TSRM -I/usr/include/php5/Zend -I/usr/include/php5/ext -I/usr/include/php5/ext/date/lib -DHAVE_CONFIG_H -O2 -fvisibility=hidden -Wparentheses -flto -c /home/chris/www/tiny/ext/kernel/backtrace.c  -fPIC -DPIC -o kernel/.libs/backtrace.o
libtool: compile:  gcc -I. -I/home/chris/www/tiny/ext -DPHP_ATOM_INC -I/home/chris/www/tiny/ext/include -I/home/chris/www/tiny/ext/main -I/home/chris/www/tiny/ext -I/usr/include/php5 -I/usr/include/php5/main -I/usr/include/php5/TSRM -I/usr/include/php5/Zend -I/usr/include/php5/ext -I/usr/include/php5/ext/date/lib -DHAVE_CONFIG_H -O2 -fvisibility=hidden -Wparentheses -flto -c /home/chris/www/tiny/ext/kernel/object.c  -fPIC -DPIC -o kernel/.libs/object.o
libtool: compile:  gcc -I. -I/home/chris/www/tiny/ext -DPHP_ATOM_INC -I/home/chris/www/tiny/ext/include -I/home/chris/www/tiny/ext/main -I/home/chris/www/tiny/ext -I/usr/include/php5 -I/usr/include/php5/main -I/usr/include/php5/TSRM -I/usr/include/php5/Zend -I/usr/include/php5/ext -I/usr/include/php5/ext/date/lib -DHAVE_CONFIG_H -O2 -fvisibility=hidden -Wparentheses -flto -c /home/chris/www/tiny/ext/kernel/array.c  -fPIC -DPIC -o kernel/.libs/array.o
libtool: compile:  gcc -I. -I/home/chris/www/tiny/ext -DPHP_ATOM_INC -I/home/chris/www/tiny/ext/include -I/home/chris/www/tiny/ext/main -I/home/chris/www/tiny/ext -I/usr/include/php5 -I/usr/include/php5/main -I/usr/include/php5/TSRM -I/usr/include/php5/Zend -I/usr/include/php5/ext -I/usr/include/php5/ext/date/lib -DHAVE_CONFIG_H -O2 -fvisibility=hidden -Wparentheses -flto -c /home/chris/www/tiny/ext/kernel/extended/array.c  -fPIC -DPIC -o kernel/extended/.libs/array.o
libtool: compile:  gcc -I. -I/home/chris/www/tiny/ext -DPHP_ATOM_INC -I/home/chris/www/tiny/ext/include -I/home/chris/www/tiny/ext/main -I/home/chris/www/tiny/ext -I/usr/include/php5 -I/usr/include/php5/main -I/usr/include/php5/TSRM -I/usr/include/php5/Zend -I/usr/include/php5/ext -I/usr/include/php5/ext/date/lib -DHAVE_CONFIG_H -O2 -fvisibility=hidden -Wparentheses -flto -c /home/chris/www/tiny/ext/kernel/string.c  -fPIC -DPIC -o kernel/.libs/string.o
libtool: compile:  gcc -I. -I/home/chris/www/tiny/ext -DPHP_ATOM_INC -I/home/chris/www/tiny/ext/include -I/home/chris/www/tiny/ext/main -I/home/chris/www/tiny/ext -I/usr/include/php5 -I/usr/include/php5/main -I/usr/include/php5/TSRM -I/usr/include/php5/Zend -I/usr/include/php5/ext -I/usr/include/php5/ext/date/lib -DHAVE_CONFIG_H -O2 -fvisibility=hidden -Wparentheses -flto -c /home/chris/www/tiny/ext/kernel/fcall.c  -fPIC -DPIC -o kernel/.libs/fcall.o
libtool: compile:  gcc -I. -I/home/chris/www/tiny/ext -DPHP_ATOM_INC -I/home/chris/www/tiny/ext/include -I/home/chris/www/tiny/ext/main -I/home/chris/www/tiny/ext -I/usr/include/php5 -I/usr/include/php5/main -I/usr/include/php5/TSRM -I/usr/include/php5/Zend -I/usr/include/php5/ext -I/usr/include/php5/ext/date/lib -DHAVE_CONFIG_H -O2 -fvisibility=hidden -Wparentheses -flto -c /home/chris/www/tiny/ext/kernel/require.c  -fPIC -DPIC -o kernel/.libs/require.o
libtool: compile:  gcc -I. -I/home/chris/www/tiny/ext -DPHP_ATOM_INC -I/home/chris/www/tiny/ext/include -I/home/chris/www/tiny/ext/main -I/home/chris/www/tiny/ext -I/usr/include/php5 -I/usr/include/php5/main -I/usr/include/php5/TSRM -I/usr/include/php5/Zend -I/usr/include/php5/ext -I/usr/include/php5/ext/date/lib -DHAVE_CONFIG_H -O2 -fvisibility=hidden -Wparentheses -flto -c /home/chris/www/tiny/ext/kernel/file.c  -fPIC -DPIC -o kernel/.libs/file.o
libtool: compile:  gcc -I. -I/home/chris/www/tiny/ext -DPHP_ATOM_INC -I/home/chris/www/tiny/ext/include -I/home/chris/www/tiny/ext/main -I/home/chris/www/tiny/ext -I/usr/include/php5 -I/usr/include/php5/main -I/usr/include/php5/TSRM -I/usr/include/php5/Zend -I/usr/include/php5/ext -I/usr/include/php5/ext/date/lib -DHAVE_CONFIG_H -O2 -fvisibility=hidden -Wparentheses -flto -c /home/chris/www/tiny/ext/kernel/operators.c  -fPIC -DPIC -o kernel/.libs/operators.o
libtool: compile:  gcc -I. -I/home/chris/www/tiny/ext -DPHP_ATOM_INC -I/home/chris/www/tiny/ext/include -I/home/chris/www/tiny/ext/main -I/home/chris/www/tiny/ext -I/usr/include/php5 -I/usr/include/php5/main -I/usr/include/php5/TSRM -I/usr/include/php5/Zend -I/usr/include/php5/ext -I/usr/include/php5/ext/date/lib -DHAVE_CONFIG_H -O2 -fvisibility=hidden -Wparentheses -flto -c /home/chris/www/tiny/ext/kernel/concat.c  -fPIC -DPIC -o kernel/.libs/concat.o
libtool: compile:  gcc -I. -I/home/chris/www/tiny/ext -DPHP_ATOM_INC -I/home/chris/www/tiny/ext/include -I/home/chris/www/tiny/ext/main -I/home/chris/www/tiny/ext -I/usr/include/php5 -I/usr/include/php5/main -I/usr/include/php5/TSRM -I/usr/include/php5/Zend -I/usr/include/php5/ext -I/usr/include/php5/ext/date/lib -DHAVE_CONFIG_H -O2 -fvisibility=hidden -Wparentheses -flto -c /home/chris/www/tiny/ext/kernel/variables.c  -fPIC -DPIC -o kernel/.libs/variables.o
libtool: compile:  gcc -I. -I/home/chris/www/tiny/ext -DPHP_ATOM_INC -I/home/chris/www/tiny/ext/include -I/home/chris/www/tiny/ext/main -I/home/chris/www/tiny/ext -I/usr/include/php5 -I/usr/include/php5/main -I/usr/include/php5/TSRM -I/usr/include/php5/Zend -I/usr/include/php5/ext -I/usr/include/php5/ext/date/lib -DHAVE_CONFIG_H -O2 -fvisibility=hidden -Wparentheses -flto -c /home/chris/www/tiny/ext/kernel/filter.c  -fPIC -DPIC -o kernel/.libs/filter.o
libtool: compile:  gcc -I. -I/home/chris/www/tiny/ext -DPHP_ATOM_INC -I/home/chris/www/tiny/ext/include -I/home/chris/www/tiny/ext/main -I/home/chris/www/tiny/ext -I/usr/include/php5 -I/usr/include/php5/main -I/usr/include/php5/TSRM -I/usr/include/php5/Zend -I/usr/include/php5/ext -I/usr/include/php5/ext/date/lib -DHAVE_CONFIG_H -O2 -fvisibility=hidden -Wparentheses -flto -c /home/chris/www/tiny/ext/kernel/iterator.c  -fPIC -DPIC -o kernel/.libs/iterator.o
libtool: compile:  gcc -I. -I/home/chris/www/tiny/ext -DPHP_ATOM_INC -I/home/chris/www/tiny/ext/include -I/home/chris/www/tiny/ext/main -I/home/chris/www/tiny/ext -I/usr/include/php5 -I/usr/include/php5/main -I/usr/include/php5/TSRM -I/usr/include/php5/Zend -I/usr/include/php5/ext -I/usr/include/php5/ext/date/lib -DHAVE_CONFIG_H -O2 -fvisibility=hidden -Wparentheses -flto -c /home/chris/www/tiny/ext/kernel/exit.c  -fPIC -DPIC -o kernel/.libs/exit.o
libtool: compile:  gcc -I. -I/home/chris/www/tiny/ext -DPHP_ATOM_INC -I/home/chris/www/tiny/ext/include -I/home/chris/www/tiny/ext/main -I/home/chris/www/tiny/ext -I/usr/include/php5 -I/usr/include/php5/main -I/usr/include/php5/TSRM -I/usr/include/php5/Zend -I/usr/include/php5/ext -I/usr/include/php5/ext/date/lib -DHAVE_CONFIG_H -O2 -fvisibility=hidden -Wparentheses -flto -c /home/chris/www/tiny/ext/tiny/router.zep.c  -fPIC -DPIC -o tiny/.libs/router.o
libtool: compile:  gcc -I. -I/home/chris/www/tiny/ext -DPHP_ATOM_INC -I/home/chris/www/tiny/ext/include -I/home/chris/www/tiny/ext/main -I/home/chris/www/tiny/ext -I/usr/include/php5 -I/usr/include/php5/main -I/usr/include/php5/TSRM -I/usr/include/php5/Zend -I/usr/include/php5/ext -I/usr/include/php5/ext/date/lib -DHAVE_CONFIG_H -O2 -fvisibility=hidden -Wparentheses -flto -c /home/chris/www/tiny/ext/tiny/router/route.zep.c  -fPIC -DPIC -o tiny/router/.libs/route.o
libtool: compile:  gcc -I. -I/home/chris/www/tiny/ext -DPHP_ATOM_INC -I/home/chris/www/tiny/ext/include -I/home/chris/www/tiny/ext/main -I/home/chris/www/tiny/ext -I/usr/include/php5 -I/usr/include/php5/main -I/usr/include/php5/TSRM -I/usr/include/php5/Zend -I/usr/include/php5/ext -I/usr/include/php5/ext/date/lib -DHAVE_CONFIG_H -O2 -fvisibility=hidden -Wparentheses -flto -c /home/chris/www/tiny/ext/tiny/router/routefactory.zep.c  -fPIC -DPIC -o tiny/router/.libs/routefactory.o
libtool: compile:  gcc -I. -I/home/chris/www/tiny/ext -DPHP_ATOM_INC -I/home/chris/www/tiny/ext/include -I/home/chris/www/tiny/ext/main -I/home/chris/www/tiny/ext -I/usr/include/php5 -I/usr/include/php5/main -I/usr/include/php5/TSRM -I/usr/include/php5/Zend -I/usr/include/php5/ext -I/usr/include/php5/ext/date/lib -DHAVE_CONFIG_H -O2 -fvisibility=hidden -Wparentheses -flto -c /home/chris/www/tiny/ext/tiny/router/routematch.zep.c  -fPIC -DPIC -o tiny/router/.libs/routematch.o
libtool: compile:  gcc -I. -I/home/chris/www/tiny/ext -DPHP_ATOM_INC -I/home/chris/www/tiny/ext/include -I/home/chris/www/tiny/ext/main -I/home/chris/www/tiny/ext -I/usr/include/php5 -I/usr/include/php5/main -I/usr/include/php5/TSRM -I/usr/include/php5/Zend -I/usr/include/php5/ext -I/usr/include/php5/ext/date/lib -DHAVE_CONFIG_H -O2 -fvisibility=hidden -Wparentheses -flto -c /home/chris/www/tiny/ext/tiny/router/routerinterface.zep.c  -fPIC -DPIC -o tiny/router/.libs/routerinterface.o
libtool: compile:  gcc -I. -I/home/chris/www/tiny/ext -DPHP_ATOM_INC -I/home/chris/www/tiny/ext/include -I/home/chris/www/tiny/ext/main -I/home/chris/www/tiny/ext -I/usr/include/php5 -I/usr/include/php5/main -I/usr/include/php5/TSRM -I/usr/include/php5/Zend -I/usr/include/php5/ext -I/usr/include/php5/ext/date/lib -DHAVE_CONFIG_H -O2 -fvisibility=hidden -Wparentheses -flto -c /home/chris/www/tiny/ext/tiny/router/exception/missingparameterexception.zep.c  -fPIC -DPIC -o tiny/router/exception/.libs/missingparameterexception.o
libtool: compile:  gcc -I. -I/home/chris/www/tiny/ext -DPHP_ATOM_INC -I/home/chris/www/tiny/ext/include -I/home/chris/www/tiny/ext/main -I/home/chris/www/tiny/ext -I/usr/include/php5 -I/usr/include/php5/main -I/usr/include/php5/TSRM -I/usr/include/php5/Zend -I/usr/include/php5/ext -I/usr/include/php5/ext/date/lib -DHAVE_CONFIG_H -O2 -fvisibility=hidden -Wparentheses -flto -c /home/chris/www/tiny/ext/tiny/router/exception/routdoesnotexistsexception.zep.c  -fPIC -DPIC -o tiny/router/exception/.libs/routdoesnotexistsexception.o
libtool: compile:  gcc -I. -I/home/chris/www/tiny/ext -DPHP_ATOM_INC -I/home/chris/www/tiny/ext/include -I/home/chris/www/tiny/ext/main -I/home/chris/www/tiny/ext -I/usr/include/php5 -I/usr/include/php5/main -I/usr/include/php5/TSRM -I/usr/include/php5/Zend -I/usr/include/php5/ext -I/usr/include/php5/ext/date/lib -DHAVE_CONFIG_H -O2 -fvisibility=hidden -Wparentheses -flto -c /home/chris/www/tiny/ext/tiny/router/exception/routedoesnotexistsexception.zep.c  -fPIC -DPIC -o tiny/router/exception/.libs/routedoesnotexistsexception.o
libtool: compile:  gcc -I. -I/home/chris/www/tiny/ext -DPHP_ATOM_INC -I/home/chris/www/tiny/ext/include -I/home/chris/www/tiny/ext/main -I/home/chris/www/tiny/ext -I/usr/include/php5 -I/usr/include/php5/main -I/usr/include/php5/TSRM -I/usr/include/php5/Zend -I/usr/include/php5/ext -I/usr/include/php5/ext/date/lib -DHAVE_CONFIG_H -O2 -fvisibility=hidden -Wparentheses -flto -c /home/chris/www/tiny/ext/tiny/router/exception/routeexistsexception.zep.c  -fPIC -DPIC -o tiny/router/exception/.libs/routeexistsexception.o
libtool: link: gcc -shared  -fPIC -DPIC  .libs/tiny.o kernel/.libs/main.o kernel/.libs/memory.o kernel/.libs/exception.o kernel/.libs/hash.o kernel/.libs/debug.o kernel/.libs/backtrace.o kernel/.libs/object.o kernel/.libs/array.o kernel/extended/.libs/array.o kernel/.libs/string.o kernel/.libs/fcall.o kernel/.libs/require.o kernel/.libs/file.o kernel/.libs/operators.o kernel/.libs/concat.o kernel/.libs/variables.o kernel/.libs/filter.o kernel/.libs/iterator.o kernel/.libs/exit.o tiny/.libs/router.o tiny/router/.libs/route.o tiny/router/.libs/routefactory.o tiny/router/.libs/routematch.o tiny/router/.libs/routerinterface.o tiny/router/exception/.libs/missingparameterexception.o tiny/router/exception/.libs/routdoesnotexistsexception.o tiny/router/exception/.libs/routedoesnotexistsexception.o tiny/router/exception/.libs/routeexistsexception.o    -O2 -flto   -Wl,-soname -Wl,tiny.so -o .libs/tiny.so
libtool: link: ( cd ".libs" && rm -f "tiny.la" && ln -s "../tiny.la" "tiny.la" )
libtool: install: cp ./.libs/tiny.so /home/chris/www/tiny/ext/modules/tiny.so
libtool: install: cp ./.libs/tiny.lai /home/chris/www/tiny/ext/modules/tiny.la
libtool: finish: PATH="/usr/local/sbin:/usr/local/bin:/usr/sbin:/usr/bin:/sbin:/bin:/usr/games:/usr/local/games:/home/chris/www/phalcon-devtools:/home/chris/activator-1.2.10-minimal:/sbin" ldconfig -n /home/chris/www/tiny/ext/modules
----------------------------------------------------------------------
Libraries have been installed in:
   /home/chris/www/tiny/ext/modules

If you ever happen to want to link against installed libraries
in a given directory, LIBDIR, you must either use libtool, and
specify the full pathname of the library, or use the `-LLIBDIR'
flag during linking and do at least one of the following:
   - add LIBDIR to the `LD_LIBRARY_PATH' environment variable
     during execution
   - add LIBDIR to the `LD_RUN_PATH' environment variable
     during linking
   - use the `-Wl,-rpath -Wl,LIBDIR' linker flag
   - have your system administrator add LIBDIR to `/etc/ld.so.conf'

See any operating system documentation about shared libraries for
more information, such as the ld(1) and ld.so(8) manual pages.
----------------------------------------------------------------------

Build complete.
Don't forget to run 'make test'.

Installing shared extensions:     /usr/lib/php5/20121212/
